<?xml version="1.0" encoding="UTF-8"?>
<testsuites>
    <testsuite name="change-the-number-of-an-item;increase-the-quantity-of-an-item-by-click-on-plus-button" tests="7" failures="0" skipped="0">
        <properties>
            <property name="URI" value="C:/Willys Project/Willys-Project/features/addAndRemoveProduct.feature">
            </property>
        </properties>
        <testcase name="Given that we are on Willy&apos;s website" classname="change-the-number-of-an-item;increase-the-quantity-of-an-item-by-click-on-plus-button" time="2.5473678">
        </testcase>
        <testcase name="And that we accepted the standard cookie policy" classname="change-the-number-of-an-item;increase-the-quantity-of-an-item-by-click-on-plus-button" time="2.8209892">
        </testcase>
        <testcase name="And that we have been through the initial where to deliver popup" classname="change-the-number-of-an-item;increase-the-quantity-of-an-item-by-click-on-plus-button" time="4.5479472">
        </testcase>
        <testcase name="Given that I am in category Fryst fågel" classname="change-the-number-of-an-item;increase-the-quantity-of-an-item-by-click-on-plus-button" time="6.088164">
        </testcase>
        <testcase name="When I choose Chicken Tom Yum Bits to buy" classname="change-the-number-of-an-item;increase-the-quantity-of-an-item-by-click-on-plus-button" time="8.4920793">
        </testcase>
        <testcase name="And I click 3 times on plus button" classname="change-the-number-of-an-item;increase-the-quantity-of-an-item-by-click-on-plus-button" time="1.3888874">
        </testcase>
        <testcase name="Then the quantity of the item should be 3" classname="change-the-number-of-an-item;increase-the-quantity-of-an-item-by-click-on-plus-button" time="0.0429081">
        </testcase>
    </testsuite>
    <testsuite name="change-the-number-of-an-item;decrease-the-quantity-of-an-item-by-click-on-minus-button" tests="8" failures="0" skipped="0">
        <properties>
            <property name="URI" value="C:/Willys Project/Willys-Project/features/addAndRemoveProduct.feature">
            </property>
        </properties>
        <testcase name="Given that we are on Willy&apos;s website" classname="change-the-number-of-an-item;decrease-the-quantity-of-an-item-by-click-on-minus-button" time="2.2585429">
        </testcase>
        <testcase name="And that we accepted the standard cookie policy" classname="change-the-number-of-an-item;decrease-the-quantity-of-an-item-by-click-on-minus-button" time="3.0164564">
        </testcase>
        <testcase name="And that we have been through the initial where to deliver popup" classname="change-the-number-of-an-item;decrease-the-quantity-of-an-item-by-click-on-minus-button" time="4.4814865">
        </testcase>
        <testcase name="Given that I am in category Fryst fågel" classname="change-the-number-of-an-item;decrease-the-quantity-of-an-item-by-click-on-minus-button" time="6.2472221">
        </testcase>
        <testcase name="When I choose Chicken Tom Yum Bits to buy" classname="change-the-number-of-an-item;decrease-the-quantity-of-an-item-by-click-on-minus-button" time="8.5739105">
        </testcase>
        <testcase name="And I write 3 in the input field of the product" classname="change-the-number-of-an-item;decrease-the-quantity-of-an-item-by-click-on-minus-button" time="2.242822">
        </testcase>
        <testcase name="And I click 2 times on minus button" classname="change-the-number-of-an-item;decrease-the-quantity-of-an-item-by-click-on-minus-button" time="2.088925">
        </testcase>
        <testcase name="Then the quantity of the item should be 1" classname="change-the-number-of-an-item;decrease-the-quantity-of-an-item-by-click-on-minus-button" time="0.0400651">
        </testcase>
    </testsuite>
    <testsuite name="change-the-number-of-an-item;giv-the-quantity-of-an-item-by-write-and-press-enter" tests="7" failures="0" skipped="0">
        <properties>
            <property name="URI" value="C:/Willys Project/Willys-Project/features/addAndRemoveProduct.feature">
            </property>
        </properties>
        <testcase name="Given that we are on Willy&apos;s website" classname="change-the-number-of-an-item;giv-the-quantity-of-an-item-by-write-and-press-enter" time="2.3524897">
        </testcase>
        <testcase name="And that we accepted the standard cookie policy" classname="change-the-number-of-an-item;giv-the-quantity-of-an-item-by-write-and-press-enter" time="2.9266263">
        </testcase>
        <testcase name="And that we have been through the initial where to deliver popup" classname="change-the-number-of-an-item;giv-the-quantity-of-an-item-by-write-and-press-enter" time="4.4945833">
        </testcase>
        <testcase name="Given that I am in category Fryst fågel" classname="change-the-number-of-an-item;giv-the-quantity-of-an-item-by-write-and-press-enter" time="5.9484964">
        </testcase>
        <testcase name="And I choose Chicken Tom Yum Bits to buy" classname="change-the-number-of-an-item;giv-the-quantity-of-an-item-by-write-and-press-enter" time="8.4791105">
        </testcase>
        <testcase name="When I write 5 in the input field of the product" classname="change-the-number-of-an-item;giv-the-quantity-of-an-item-by-write-and-press-enter" time="2.2550546">
        </testcase>
        <testcase name="Then the quantity of the item should be 5" classname="change-the-number-of-an-item;giv-the-quantity-of-an-item-by-write-and-press-enter" time="0.039055">
        </testcase>
    </testsuite>
    <testsuite name="empty-the-shopping-cart;empty-shopping-cart" tests="6" failures="0" skipped="0">
        <properties>
            <property name="URI" value="C:/Willys Project/Willys-Project/features/emptyShoppingCart.feature">
            </property>
        </properties>
        <testcase name="Given that we are on Willy&apos;s website" classname="empty-the-shopping-cart;empty-shopping-cart" time="1.9193658">
        </testcase>
        <testcase name="And that we accepted the standard cookie policy" classname="empty-the-shopping-cart;empty-shopping-cart" time="3.0335725">
        </testcase>
        <testcase name="And that we have been through the initial where to deliver popup" classname="empty-the-shopping-cart;empty-shopping-cart" time="4.5603433">
        </testcase>
        <testcase name="Given I have three items in my shopping cart" classname="empty-the-shopping-cart;empty-shopping-cart" time="6.7471386">
        </testcase>
        <testcase name="When I click on “Empty shopping cart” button" classname="empty-the-shopping-cart;empty-shopping-cart" time="5.4820392">
        </testcase>
        <testcase name="Then It should delete all items in the shopping cart" classname="empty-the-shopping-cart;empty-shopping-cart" time="0.0088106">
        </testcase>
    </testsuite>
    <testsuite name="selecting-a-product-category;browsing-a-category" tests="4" failures="0" skipped="0">
        <properties>
            <property name="URI" value="C:/Willys Project/Willys-Project/features/ProductCategory.feature">
            </property>
        </properties>
        <testcase name="Given In the menu section of &quot;https://www.willys.se&quot;" classname="selecting-a-product-category;browsing-a-category" time="5.073229">
        </testcase>
        <testcase name="And I have selected the accept button" classname="selecting-a-product-category;browsing-a-category" time="0.1152122">
        </testcase>
        <testcase name="When I select meat category" classname="selecting-a-product-category;browsing-a-category" time="7.2135814">
        </testcase>
        <testcase name="Then I should see items within that category" classname="selecting-a-product-category;browsing-a-category" time="0.4673171">
        </testcase>
    </testsuite>
    <testsuite name="get-more-information;open-a-product-info" tests="5" failures="0" skipped="0">
        <properties>
            <property name="URI" value="C:/Willys Project/Willys-Project/features/productInfo.feature">
            </property>
        </properties>
        <testcase name="Given that we are on Willy&apos;s website" classname="get-more-information;open-a-product-info" time="2.1438472">
        </testcase>
        <testcase name="And that we accepted the standard cookie policy" classname="get-more-information;open-a-product-info" time="3.0872666">
        </testcase>
        <testcase name="Given that I am on &quot;https://www.willys.se/sortiment/kott-chark-och-fagel/fagel/farsk-fagel&quot;" classname="get-more-information;open-a-product-info" time="2.5484739">
        </testcase>
        <testcase name="And I click on a &quot;a[href*= &apos;Majskyckling-Hel-Sverige&apos;]&quot;" classname="get-more-information;open-a-product-info" time="2.4224639">
        </testcase>
        <testcase name="Then There is information on the table" classname="get-more-information;open-a-product-info" time="0.0150504">
        </testcase>
    </testsuite>
    <testsuite name="get-more-information;open-a-product-info" tests="5" failures="0" skipped="0">
        <properties>
            <property name="URI" value="C:/Willys Project/Willys-Project/features/productInfo.feature">
            </property>
        </properties>
        <testcase name="Given that we are on Willy&apos;s website" classname="get-more-information;open-a-product-info" time="1.8016627">
        </testcase>
        <testcase name="And that we accepted the standard cookie policy" classname="get-more-information;open-a-product-info" time="2.9562294">
        </testcase>
        <testcase name="Given that I am on &quot;https://www.willys.se/sortiment/frukt-och-gront/frukt&quot;" classname="get-more-information;open-a-product-info" time="2.2470076">
        </testcase>
        <testcase name="And I click on a &quot;a[href*=&apos;apple-Royal-Gala-Klass-1&apos;]&quot;" classname="get-more-information;open-a-product-info" time="2.3816342">
        </testcase>
        <testcase name="Then There is information on the table" classname="get-more-information;open-a-product-info" time="0.0137108">
        </testcase>
    </testsuite>
    <testsuite name="get-more-information;open-a-product-info" tests="5" failures="0" skipped="0">
        <properties>
            <property name="URI" value="C:/Willys Project/Willys-Project/features/productInfo.feature">
            </property>
        </properties>
        <testcase name="Given that we are on Willy&apos;s website" classname="get-more-information;open-a-product-info" time="1.9749515">
        </testcase>
        <testcase name="And that we accepted the standard cookie policy" classname="get-more-information;open-a-product-info" time="2.8775626">
        </testcase>
        <testcase name="Given that I am on &quot;https://www.willys.se/sortiment/blommor-och-tradgard&quot;" classname="get-more-information;open-a-product-info" time="2.3514348">
        </testcase>
        <testcase name="And I click on a &quot;a[href*=&apos;Blom-Jord&apos;]&quot;" classname="get-more-information;open-a-product-info" time="2.5349848">
        </testcase>
        <testcase name="Then There is information on the table" classname="get-more-information;open-a-product-info" time="0.0159997">
        </testcase>
    </testsuite>
    <testsuite name="get-more-information;open-a-product-info" tests="5" failures="0" skipped="0">
        <properties>
            <property name="URI" value="C:/Willys Project/Willys-Project/features/productInfo.feature">
            </property>
        </properties>
        <testcase name="Given that we are on Willy&apos;s website" classname="get-more-information;open-a-product-info" time="2.077974">
        </testcase>
        <testcase name="And that we accepted the standard cookie policy" classname="get-more-information;open-a-product-info" time="2.8539367">
        </testcase>
        <testcase name="Given that I am on &quot;https://www.willys.se/sortiment/lotter&quot;" classname="get-more-information;open-a-product-info" time="1.3997167">
        </testcase>
        <testcase name="And I click on a &quot;a[href*=&apos;Triss-Lott&apos;]&quot;" classname="get-more-information;open-a-product-info" time="2.3226031">
        </testcase>
        <testcase name="Then There is information on the table" classname="get-more-information;open-a-product-info" time="0.0122795">
        </testcase>
    </testsuite>
    <testsuite name="get-more-information;open-a-product-info" tests="5" failures="0" skipped="0">
        <properties>
            <property name="URI" value="C:/Willys Project/Willys-Project/features/productInfo.feature">
            </property>
        </properties>
        <testcase name="Given that we are on Willy&apos;s website" classname="get-more-information;open-a-product-info" time="1.9169164">
        </testcase>
        <testcase name="And that we accepted the standard cookie policy" classname="get-more-information;open-a-product-info" time="3.0115525">
        </testcase>
        <testcase name="Given that I am on &quot;https://www.willys.se/sortiment/blommor-och-tradgard&quot;" classname="get-more-information;open-a-product-info" time="2.0794378">
        </testcase>
        <testcase name="And I click on a &quot;[href*=&apos;Helgbukett&apos;]&quot;" classname="get-more-information;open-a-product-info" time="2.3759479">
        </testcase>
        <testcase name="Then There is information on the table" classname="get-more-information;open-a-product-info" time="0.0153819">
        </testcase>
    </testsuite>
    <testsuite name="remove-an-item-in-the-shopping-cart;remove-an-item-by-enter-0-and-press-return" tests="8" failures="0" skipped="0">
        <properties>
            <property name="URI" value="C:/Willys Project/Willys-Project/features/removeOneItem.feature">
            </property>
        </properties>
        <testcase name="Given that we are on Willy&apos;s website" classname="remove-an-item-in-the-shopping-cart;remove-an-item-by-enter-0-and-press-return" time="1.9004825">
        </testcase>
        <testcase name="And that we accepted the standard cookie policy" classname="remove-an-item-in-the-shopping-cart;remove-an-item-by-enter-0-and-press-return" time="2.9223096">
        </testcase>
        <testcase name="And that we have been through the initial where to deliver popup" classname="remove-an-item-in-the-shopping-cart;remove-an-item-by-enter-0-and-press-return" time="4.4813786">
        </testcase>
        <testcase name="And I have three items in my shopping cart" classname="remove-an-item-in-the-shopping-cart;remove-an-item-by-enter-0-and-press-return" time="6.9230286">
        </testcase>
        <testcase name="And I write 9 in the input field of the product" classname="remove-an-item-in-the-shopping-cart;remove-an-item-by-enter-0-and-press-return" time="2.2577188">
        </testcase>
        <testcase name="When I regret the first product on the shopping cart" classname="remove-an-item-in-the-shopping-cart;remove-an-item-by-enter-0-and-press-return" time="0.0153026">
        </testcase>
        <testcase name="And I write 0 in the input field of the product" classname="remove-an-item-in-the-shopping-cart;remove-an-item-by-enter-0-and-press-return" time="2.1748365">
        </testcase>
        <testcase name="Then the item should not be in the cart anymore" classname="remove-an-item-in-the-shopping-cart;remove-an-item-by-enter-0-and-press-return" time="2.0233725">
        </testcase>
    </testsuite>
    <testsuite name="remove-an-item-in-the-shopping-cart;remove-an-item-by-clicking-minus-button" tests="8" failures="1" skipped="0">
        <properties>
            <property name="URI" value="C:/Willys Project/Willys-Project/features/removeOneItem.feature">
            </property>
        </properties>
        <testcase name="Given that we are on Willy&apos;s website" classname="remove-an-item-in-the-shopping-cart;remove-an-item-by-clicking-minus-button" time="1.9784302">
        </testcase>
        <testcase name="And that we accepted the standard cookie policy" classname="remove-an-item-in-the-shopping-cart;remove-an-item-by-clicking-minus-button" time="2.797042">
        </testcase>
        <testcase name="And that we have been through the initial where to deliver popup" classname="remove-an-item-in-the-shopping-cart;remove-an-item-by-clicking-minus-button" time="4.5578308">
        </testcase>
        <testcase name="And I have three items in my shopping cart" classname="remove-an-item-in-the-shopping-cart;remove-an-item-by-clicking-minus-button" time="7.0644508">
        </testcase>
        <testcase name="And I write 9 in the input field of the product" classname="remove-an-item-in-the-shopping-cart;remove-an-item-by-clicking-minus-button" time="2.163945">
        </testcase>
        <testcase name="When I regret the first product on the shopping cart" classname="remove-an-item-in-the-shopping-cart;remove-an-item-by-clicking-minus-button" time="0.0151708">
        </testcase>
        <testcase name="And I decrease the number of same product until zero by clicking on minus button" classname="remove-an-item-in-the-shopping-cart;remove-an-item-by-clicking-minus-button" time="18.9073478">
        </testcase>
        <testcase name="Then the item should not be in the cart anymore" classname="remove-an-item-in-the-shopping-cart;remove-an-item-by-clicking-minus-button" time="2.0286006">
            <failure message="AssertionError: expected 1 to equal 2">AssertionError: expected 1 to equal 2
    at createWorld.&lt;anonymous&gt; (C:\Willys Project\Willys-Project\step-definitions\removeOneItem.js:34:34)
    at runMicrotasks (&lt;anonymous&gt;)
    at processTicksAndRejections (internal/process/task_queues.js:95:5)</failure>
        </testcase>
    </testsuite>
    <testsuite name="viewing-shopping-cart;add-products-to-the-shopping-cart-and-view-quantity-in-mini-cart" tests="6" failures="1" skipped="4">
        <properties>
            <property name="URI" value="C:/Willys Project/Willys-Project/features/shoppingcart.feature">
            </property>
        </properties>
        <testcase name="Given that we are on Willy&apos;s website" classname="viewing-shopping-cart;add-products-to-the-shopping-cart-and-view-quantity-in-mini-cart" time="0.8931685">
        </testcase>
        <testcase name="And that we accepted the standard cookie policy" classname="viewing-shopping-cart;add-products-to-the-shopping-cart-and-view-quantity-in-mini-cart" time="10.0095484">
            <failure message="TimeoutError: Waiting for at least one element to be located By(css selector, #onetrust-accept-btn-handler)">TimeoutError: Waiting for at least one element to be located By(css selector, #onetrust-accept-btn-handler)
Wait timed out after 10009ms
    at C:\Willys Project\Willys-Project\node_modules\updated-selenium-cucumber-js\node_modules\selenium-webdriver\lib\promise.js:2201:17
    at ManagedPromise.invokeCallback_ (C:\Willys Project\Willys-Project\node_modules\updated-selenium-cucumber-js\node_modules\selenium-webdriver\lib\promise.js:1376:14)
    at TaskQueue.execute_ (C:\Willys Project\Willys-Project\node_modules\updated-selenium-cucumber-js\node_modules\selenium-webdriver\lib\promise.js:3084:14)
    at TaskQueue.executeNext_ (C:\Willys Project\Willys-Project\node_modules\updated-selenium-cucumber-js\node_modules\selenium-webdriver\lib\promise.js:3067:27)
    at C:\Willys Project\Willys-Project\node_modules\updated-selenium-cucumber-js\node_modules\selenium-webdriver\lib\promise.js:2927:27
    at C:\Willys Project\Willys-Project\node_modules\updated-selenium-cucumber-js\node_modules\selenium-webdriver\lib\promise.js:668:7
    at runMicrotasks (&lt;anonymous&gt;)
    at processTicksAndRejections (internal/process/task_queues.js:95:5)
From: Task: Waiting for at least one element to be located By(css selector, #onetrust-accept-btn-handler)
    at scheduleWait (C:\Willys Project\Willys-Project\node_modules\updated-selenium-cucumber-js\node_modules\selenium-webdriver\lib\promise.js:2188:20)
    at ControlFlow.wait (C:\Willys Project\Willys-Project\node_modules\updated-selenium-cucumber-js\node_modules\selenium-webdriver\lib\promise.js:2517:12)
    at thenableWebDriverProxy.wait (C:\Willys Project\Willys-Project\node_modules\updated-selenium-cucumber-js\node_modules\selenium-webdriver\lib\webdriver.js:934:29)
    at createWorld.&lt;anonymous&gt; (C:\Willys Project\Willys-Project\step-definitions\common-background.js:14:18)
    at processTicksAndRejections (internal/process/task_queues.js:77:11)</failure>
        </testcase>
        <testcase name="And that we have been through the initial where to deliver popup" classname="viewing-shopping-cart;add-products-to-the-shopping-cart-and-view-quantity-in-mini-cart">
            <skipped message="">
            </skipped>
        </testcase>
        <testcase name="Given that I am on the Fruit and Vegetable category page" classname="viewing-shopping-cart;add-products-to-the-shopping-cart-and-view-quantity-in-mini-cart">
            <skipped message="">
            </skipped>
        </testcase>
        <testcase name="When I put a random number of each Fruit and Vegetable that has price per piece in the cart" classname="viewing-shopping-cart;add-products-to-the-shopping-cart-and-view-quantity-in-mini-cart">
            <skipped message="">
            </skipped>
        </testcase>
        <testcase name="Then the mini-cart should show the correct total quantity of products" classname="viewing-shopping-cart;add-products-to-the-shopping-cart-and-view-quantity-in-mini-cart">
            <skipped message="">
            </skipped>
        </testcase>
    </testsuite>
</testsuites>